// Jest Snapshot v1, https://goo.gl/fbAQLP

exports[`renders correctly with minimal/default props 1`] = `
<button
  className="jsonschema-inspector-item"
  onClick={[Function]}
  onFocus={[Function]}
  type="button"
>
  <div
    className="jsonschema-inspector-item-content"
  >
    <span
      className="jsonschema-inspector-item-name"
    >
      Item Name
    </span>
    <span
      className="jsonschema-inspector-item-icon"
    />
  </div>
</button>
`;
