// Jest Snapshot v1, https://goo.gl/fbAQLP

exports[`renders correctly with minimal/default props (items) 1`] = `
<div
  className="jsonschema-inspector-column"
  onClick={[Function]}
  role="presentation"
  tabIndex={-1}
>
  <InspectorItem
    key="Item One"
    name="Item One"
    onSelect={[Function]}
    schemaGroup={
      JsonSchemaGroup {
        "entries": Array [
          JsonSchema {
            "parserConfig": Object {},
            "schema": Object {
              "$id": "Schema One",
            },
            "scope": RefScope {
              "baseUri": null,
              "externalRefs": Map {},
              "internalRefs": Map {
                "#" => JsonSchema {
                  "parserConfig": Object {},
                  "schema": Object {
                    "$defs": Object {
                      "Target": Object {},
                    },
                  },
                  "scope": [Circular],
                },
              },
              "otherScopes": Array [],
            },
          },
        ],
      }
    }
    selected={false}
  />
  <InspectorItem
    key="Item Two"
    name="Item Two"
    onSelect={[Function]}
    schemaGroup={
      JsonSchemaGroup {
        "entries": Array [
          JsonSchema {
            "parserConfig": Object {},
            "schema": Object {
              "$id": "Schema Two",
            },
            "scope": RefScope {
              "baseUri": null,
              "externalRefs": Map {},
              "internalRefs": Map {
                "#" => JsonSchema {
                  "parserConfig": Object {},
                  "schema": Object {
                    "$defs": Object {
                      "Target": Object {},
                    },
                  },
                  "scope": [Circular],
                },
              },
              "otherScopes": Array [],
            },
          },
        ],
      }
    }
    selected={false}
  />
</div>
`;
